sampleMetadata	age	bmi	gender	gender_OPLSDA_XSCOR-h1	gender_OPLSDA_XSCOR-o1	gender_OPLSDA_predictions
HU_011	29	19.75	M	1.58293313047118	4.9806037392409	M
HU_014	59	22.64	F	-1.37280613081632	1.74433815056477	F
HU_015	42	22.72	M	3.34136968418065	3.43727711491962	M
HU_017	41	23.03	M	3.59006316404314	0.979495987120886	M
HU_018	34	20.96	M	1.66271563510991	-0.315584520504211	M
HU_019	35	23.41	M	2.31292339567712	-0.656128073574044	M
HU_020	59	17.1	M	0.932682995993685	3.13384149735159	M
HU_021	34	23.36	M	1.74869628827996	0.41752604868978	M
HU_022	51	28.23	F	-0.241809256894707	0.491049116158774	M
HU_023	51	29.55	M	1.7425061156994	2.95169109073032	M
HU_024	57	29.86	M	1.29517450819287	0.205827759529838	M
HU_025	53	21.6	M	1.77687142137439	1.74290900741242	M
HU_026	34	23.46	F	-0.905433973047307	6.27708879537232	F
HU_027	37	24.82	M	2.38884046119679	4.10267671703555	M
HU_028	41	23.92	F	-1.33253605468889	2.70035605659215	F
HU_029	37	27.78	M	4.04962818855043	2.04230210400039	M
HU_030	49	25.88	M	2.31942286908789	-0.536465874242346	M
HU_031	25	20.76	M	3.9676885414254	-1.53991130404747	M
HU_032	38	24.09	F	-1.90648288426957	-2.00562755678015	F
HU_033	44	18.36	F	-2.60330864259552	-1.04392739299679	F
HU_034	52	23.37	M	3.16799714286182	-0.733953917496611	M
HU_035	37	20.7	F	-2.88236649269234	-0.0420212890932657	F
HU_036	47	29.51	M	0.456450017551661	-0.465131358686609	M
HU_037	35	25.62	M	1.80080016818244	3.91504037841238	M
HU_038	52	22.72	M	1.74154406361342	1.15677072444102	M
HU_039	45	24.9	M	2.51337372518582	-0.0601405276939136	M
HU_040	24	26.54	M	1.77425721650046	1.25860088731523	M
HU_041	28	23.67	M	1.34364556833848	2.36517436329155	M
HU_042	36	19.75	M	2.2708435582018	0.664476283924372	M
HU_043	42	29.04	M	1.37975330324734	2.19923914440385	M
HU_044	57	25.46	F	-0.693510288549522	3.79714140989595	F
HU_045	46	20.81	F	-3.99445110424675	2.4512989046396	F
HU_046	35	24.84	M	0.789202061516398	1.76837903047691	M
HU_047	43	25	F	-1.03708773561841	9.32213664193582	F
HU_048	39	19.49	F	-3.28152944701099	3.43069989788204	F
HU_049	50	27.85	M	1.25926419544782	4.70594121877466	M
HU_050	30	24.21	M	2.89950306721262	-1.09754469539616	M
HU_051	24	23.23	F	-3.98947680827422	6.81135423195647	F
HU_052	51	20.06	F	-2.16112718026215	-1.77029334378363	F
HU_053	49	25.88	M	1.42526044160803	8.90619343237515	M
HU_054	29	20.76	M	1.78456402868924	1.43502042646009	M
HU_055	58	24.89	F	-3.5431501643564	10.7483458185538	F
HU_056	41	21.15	M	2.20260798475925	2.39922664129116	M
HU_057	57	27.16	M	1.6155332179699	1.43419490597522	M
HU_058	45	26.7	M	3.05317465504811	4.87646520314668	M
HU_060	55	28.72	F	-1.82313449553941	-0.536464981602601	F
HU_061	44	25.35	F	-1.24385157546657	0.785314506600513	F
HU_062	34	22.22	M	1.01911820989929	0.845017425604579	M
HU_063	35	21.01	F	-3.75661480829994	1.93213102018408	F
HU_064	32	21.94	F	-1.38665360030315	-1.12022977200023	F
HU_065	54	21.87	M	1.68481339709357	0.0563934127767823	M
HU_066	25	22.53	F	-1.27149486038764	2.0628293107866	F
HU_067	40	19.31	F	-2.22770474417785	3.12411146123335	F
HU_068	37	27.22	F	-2.66189899325594	-0.348623393778582	F
HU_069	39	24.38	M	3.37590105763249	0.0480755536432562	M
HU_070	58	18.71	M	1.69442075760416	0.186724671273337	M
HU_072	47	27.13	M	1.6701256535878	-0.730068657993729	M
HU_073	35	25.38	M	2.18213690858945	1.18138479819621	M
HU_074	42	20.94	F	-3.09095007228102	2.59274708312188	F
HU_075	38	21.05	M	2.25267420757465	0.543717672555423	M
HU_076	47	26.7	M	0.639518677745425	-4.86754252197724	M
HU_077	27	21.15	M	0.668851404829271	0.733305089280426	M
HU_078	46	25.18	M	2.23156976189628	-2.55792315642502	M
HU_079	47	23.55	M	0.291481015536569	-0.351419211590525	M
HU_080	21	19.72	F	-1.46458707358092	0.642471609597288	F
HU_081	25	17.84	F	-3.56869282665826	0.109841130953026	F
HU_082	49	23.15	M	2.21733368238415	-3.72517614164827	M
HU_083	50	29.76	M	1.35101571931506	-1.53150431318518	M
HU_084	62	23.8	F	-2.47025939454657	0.704854684902949	F
HU_085	23	22.86	M	0.861449221187205	-0.284776704434232	M
HU_086	33	23.51	M	0.240625133995134	-7.82759918445756	M
HU_087	38	23.8	F	-1.46583179373077	-0.995836439732216	F
HU_088	50	21.78	F	-1.23073077205365	-1.9557540368262	F
HU_089	31	23.7	M	0.84722329333765	-4.67466272644122	M
HU_090	46	19.79	M	-0.240220827251134	-0.434984651413085	M
HU_091	61	26.12	M	0.708954446373867	0.708518233273242	M
HU_092	40	21.83	M	3.25766373991557	0.612242632003036	M
HU_093	53	21.71	M	-0.2722512450185	-6.82015994391301	F
HU_094	32	23.29	M	4.87627977216498	-3.75781257316719	M
HU_095	27	27.33	M	1.79060767273301	-3.94305975589431	M
HU_097	50	26.78	M	1.34192808561658	2.90083895963035	M
HU_098	46	20.45	M	0.941521289370677	0.700263194210824	M
HU_099	23	21.3	M	0.681914663439508	1.95803602933046	M
HU_100	47	21.22	F	-0.00400805795203465	-1.7505007413511	M
HU_101	39	23.7	M	0.702375537901114	2.60821894164833	M
HU_102	59	24.03	F	-2.12354375191367	4.04958472118649	F
HU_103	49	26.79	M	1.56705287036968	1.82851108037729	M
HU_105	47	22.96	M	0.0839930499132598	-1.11455935491243	M
HU_106	42	27.34	M	0.80666063967251	-2.63028112461382	M
HU_107	46	24.22	M	3.20001113166665	0.420680749500796	M
HU_108	25	23.81	M	0.910342296333496	-1.98026861854879	M
HU_109	32	22.68	M	1.54651064802147	-2.02723634840039	M
HU_110	50	20.9	F	-3.21988058005263	4.00451740339073	F
HU_112	55	25.36	M	2.34265130693714	-2.82841842092514	M
HU_113	44	23.05	M	1.59298133135561	-0.0404370176047968	M
HU_114	58	29.38	M	0.167378495824655	-2.86861303174659	M
HU_115	46	27.24	F	-0.901455340321644	3.05526769990411	F
HU_116	28	20.96	F	-2.95438113046617	-1.9639137601519	F
HU_117	24	22.86	M	1.72975632333293	-5.76828706634313	M
HU_118	30	21.64	F	-1.80785380931897	-4.68898788609544	F
HU_119	50	24.44	F	-2.89039792620823	1.63508664871793	F
HU_120	32	23.88	F	-6.30383360370801	3.2508991957068	F
HU_121	26	20.57	M	0.261571391689504	-1.31242983428482	M
HU_122	48	23.03	M	1.97722954327486	-2.16514182787301	M
HU_123	49	24.39	M	-0.0533046345794438	-0.258942585739277	M
HU_124	34	22.22	M	2.13330833604065	-2.22583897553433	M
HU_125	58	25.47	M	1.86694393977163	-4.53044405236957	M
HU_126	45	24.7	M	1.86189354677789	-2.31555101874733	M
HU_127	45	25.62	M	1.64818368333343	-1.18235506727406	M
HU_129	47	29.32	M	2.24729386939742	-3.31832337030591	M
HU_130	33	26.06	M	3.97472227767611	3.23839165604945	M
HU_131	42	23.12	M	2.46293367161478	1.09749415459956	M
HU_132	38	26.67	F	-0.497855004714105	-2.51983712816142	F
HU_133	53	25.43	M	0.514756115402624	-1.53681474889941	M
HU_134	48	22.89	M	1.3700484952222	-0.56306165650533	M
HU_135	31	24.93	M	2.44925229897762	1.24524100505772	M
HU_136	52	20.81	F	-2.7546732916265	0.0283481186281538	F
HU_137	28	22.22	M	2.12489637483936	3.37201477458599	M
HU_138	42	21.88	M	1.90096259238906	-1.81868737707891	M
HU_139	47	23.03	M	2.69443528333851	-0.0992540138446447	M
HU_140	49	26.59	M	0.709228526328496	-5.69514718965739	M
HU_142	25	20.98	M	0.906595007806958	2.4906802941563	M
HU_143	52	23.15	F	-2.87301511377198	-2.35405760231077	F
HU_144	38	29.54	M	2.10713674682657	-1.79664265133915	M
HU_145	27	29.09	M	3.82599319921535	-1.99244640166711	M
HU_146	42	24.21	M	3.13977240382026	-0.366994303453535	M
HU_147	60	31.74	M	1.70236062431376	-1.1157713452035	M
HU_148	55	30.48	F	-1.39625886460325	-0.0975023672835233	F
HU_149	35	19.49	F	-2.39597821298642	0.0642246680295437	F
HU_150	49	27.24	F	-1.90392495280342	1.81127258367052	F
HU_152	26	17.58	F	-1.31160302430449	0.0235635071995006	F
HU_154	35	27.71	F	-2.66444245379189	-3.27758649173271	F
HU_155	48	20.45	F	-2.20856364721724	-3.33644002158172	F
HU_156	36	16.85	F	-1.52953002189326	-1.51427503378043	F
HU_157	43	21.95	F	-1.75308670674791	-3.43093920423897	F
HU_158	50	25.48	F	-3.83377911414521	0.849063729773212	F
HU_159	37	21.72	F	-1.52581332135293	-2.5764314930024	F
HU_160	31	24.17	F	-3.9255448024201	4.21997212073322	F
HU_162	50	29.03	F	-2.46131392118948	-1.97630797198586	F
HU_163	49	23.15	F	-1.76731833221729	-0.476614076082873	F
HU_164	45	25.63	F	-2.46969740417325	-1.73837091356558	F
HU_166	40	19.72	F	-2.60891832045248	1.62397221076742	F
HU_167	55	20.57	F	-1.13595390084553	-2.32018077055045	F
HU_168	37	20.76	F	-4.17806521546818	-0.73451031942323	F
HU_169	53	19.14	F	-4.74381993648062	-2.56906729222864	F
HU_170	50	24.61	F	-4.19693772130769	-0.250917674903843	F
HU_171	29	21.37	F	-2.15651839000821	-8.90928509895316	F
HU_172	55	21.36	F	-1.30886599279716	1.50002406583418	F
HU_173	55	20.28	F	-4.45842407224622	-10.7099858705925	F
HU_174	42	31.64	F	-2.46896639658496	-1.57045228110498	F
HU_175	35	21.26	F	-2.31704752376519	2.42707115016401	F
HU_177	59	28.58	F	1.05949064742695	-0.628494629070062	M
HU_179	33	26.57	F	-0.221776928921426	4.37067631370139	M
HU_180	53	23.74	F	-1.06030081691949	1.45138367797621	F
HU_181	49	22.46	F	-0.538051411009479	-4.4254784256287	F
HU_182	43	23.74	F	-1.33082226230118	-2.58616318394215	F
HU_183	46	19.13	F	-1.98148234207269	-0.534346683073414	F
HU_184	37	25.33	F	-2.20665960604897	4.45485889844764	F
HU_185	42	21.09	F	-4.80320147288146	2.93822239486359	F
HU_186	44	22.1	F	-0.49335383900729	-6.68178851358826	F
HU_187	21	19.95	F	-4.10733091383723	-6.84959062049853	F
HU_188	22	24.22	F	-0.422324155810693	0.742725159557937	F
HU_189	39	19.43	F	-2.23938444082181	0.580857050424952	F
HU_190	28	25.93	M	1.71585518120188	1.58148883395967	M
HU_191	36	26.12	M	2.72614391002983	0.619530750996703	M
HU_192	31	24.22	M	1.5342927967285	1.16830178189421	M
HU_193	35	21.78	F	-2.71720235383659	5.23695437441707	F
HU_194	40	28.04	F	1.10865110375743	-1.47303720351079	M
HU_195	26	18.42	F	-1.68579671119508	-5.97486671349496	F
HU_196	27	21.1	F	-3.30746570726101	-0.305963539467928	F
HU_197	26	20.72	M	0.420110533407766	3.74844549106185	M
HU_198	35	22.98	M	1.52314064013922	1.49166148399989	M
HU_199	33	21.04	M	1.63113861184599	2.46761505226682	M
HU_200	46	23.89	M	2.1046874718637	0.496891033197679	M
HU_201	34	20.24	M	1.23447231490137	-0.274965736229789	M
HU_202	42	28.06	M	1.75245715769325	2.55184357924034	M
HU_203	25	19.95	F	-1.2678577769433	2.23710583625043	F
HU_204	31	29.06	M	2.92159137203804	-3.42721722053952	M
HU_205	33	28.37	M	3.02003919689608	0.185278133133454	M
HU_206	45	22.15	F	-0.238014487254299	-1.02240454218737	M
HU_207	33	19.47	F	-4.86076571554572	-3.25318131416302	F
HU_208	27	18.61	F	-1.09520423821411	-5.73060865883602	F
HU_209	17.5	21.48	F	-0.496198164163254	-2.23289512714009	F
